// Jest Snapshot v1, https://goo.gl/fbAQLP

exports[`extra-details-pbehavior Renders \`extra-details-pbehavior\` with full pbehavior 1`] = `""`;

exports[`extra-details-pbehavior Renders \`extra-details-pbehavior\` with pbehavior started in previous month 1`] = `""`;

exports[`extra-details-pbehavior Renders \`extra-details-pbehavior\` without comment 1`] = `""`;

exports[`extra-details-pbehavior Renders \`extra-details-pbehavior\` without comment author 1`] = `""`;

exports[`extra-details-pbehavior Renders \`extra-details-pbehavior\` without reason 1`] = `""`;

exports[`extra-details-pbehavior Renders \`extra-details-pbehavior\` without rrule 1`] = `""`;

exports[`extra-details-pbehavior Renders \`extra-details-pbehavior\` without tstop 1`] = `""`;
