// Jest Snapshot v1, https://goo.gl/fbAQLP

exports[`confirm-ack-with-ticket Renders \`confirm-ack-with-ticket\` with empty modal 1`] = `
<div
  class="modal-wrapper"
  close=""
>
  <div
    class="title"
  >
    <span>
      Are you sure?
    </span>
  </div>
  <div
    class="text"
  >
    <div
      class="v-alert v-sheet theme--dark info"
      role="alert"
    >
      <div
        class="v-alert__wrapper"
      >
        <i
          aria-hidden="true"
          class="v-icon notranslate v-alert__icon material-icons theme--dark"
        >
          info
        </i>
        <div
          class="v-alert__content"
        >
      A ticket number has been specified.
        Maybe you wanted to associate this ticket number to the alarm.
        If so, click on "Continue and associate ticket" button.
        To continue the ack action without taking ticket number into account,
        click on "Continue" button.
        </div>
      </div>
    </div>
  </div>
  <div
    class="actions"
  >
    <button
      class="v-btn v-btn--text theme--light v-size--default"
      type="button"
    >
      <span
        class="v-btn__content"
      >
      Cancel
      </span>
    </button>
    <button
      class="primary v-btn v-btn--is-elevated v-btn--has-bg theme--light v-size--default"
      type="button"
    >
      <span
        class="v-btn__content"
      >
      Continue
      </span>
    </button>
    <button
      class="warning v-btn v-btn--is-elevated v-btn--has-bg theme--light v-size--default"
      type="button"
    >
      <span
        class="v-btn__content"
      >
      Continue and associate ticket
      </span>
    </button>
  </div>
</div>
`;
