// Jest Snapshot v1, https://goo.gl/fbAQLP

exports[`edit-live-reporting Renders \`edit-live-reporting\` with empty modal 1`] = `
<form
  class="v-form"
  novalidate="novalidate"
>
  <div
    class="modal-wrapper"
    close=""
  >
    <div
      class="title"
    >
      <span>
        Set a custom date range
      </span>
    </div>
    <div
      class="text"
    >
      <h3>
        Date interval
      </h3>
      <date-interval-selector-stub
        quickranges="[object Object],[object Object],[object Object],[object Object],[object Object],[object Object],[object Object],[object Object],[object Object],[object Object],[object Object],[object Object],[object Object],[object Object],[object Object],[object Object],[object Object],[object Object],[object Object],[object Object],[object Object],[object Object],[object Object]"
        value="[object Object]"
      />
    </div>
    <div
      class="actions"
    >
      <button
        class="v-btn v-btn--text theme--light v-size--default"
        type="button"
      >
        <span
          class="v-btn__content"
        >
        Cancel
        </span>
      </button>
      <button
        class="primary v-btn v-btn--is-elevated v-btn--has-bg theme--light v-size--default"
        type="submit"
      >
        <span
          class="v-btn__content"
        >
        Apply
        </span>
      </button>
    </div>
  </div>
</form>
`;

exports[`edit-live-reporting Renders \`edit-live-reporting\` with interval 1`] = `
<form
  class="v-form"
  novalidate="novalidate"
>
  <div
    class="modal-wrapper"
    close=""
  >
    <div
      class="title"
    >
      <span>
        Set a custom date range
      </span>
    </div>
    <div
      class="text"
    >
      <h3>
        Date interval
      </h3>
      <date-interval-selector-stub
        quickranges="[object Object],[object Object],[object Object],[object Object],[object Object],[object Object],[object Object],[object Object],[object Object],[object Object],[object Object],[object Object],[object Object],[object Object],[object Object],[object Object],[object Object],[object Object],[object Object],[object Object],[object Object],[object Object],[object Object]"
        value="[object Object]"
      />
    </div>
    <div
      class="actions"
    >
      <button
        class="v-btn v-btn--text theme--light v-size--default"
        type="button"
      >
        <span
          class="v-btn__content"
        >
        Cancel
        </span>
      </button>
      <button
        class="primary v-btn v-btn--is-elevated v-btn--has-bg theme--light v-size--default"
        type="submit"
      >
        <span
          class="v-btn__content"
        >
        Apply
        </span>
      </button>
    </div>
  </div>
</form>
`;
