// Jest Snapshot v1, https://goo.gl/fbAQLP

exports[`c-mixed-field Renders \`c-mixed-field\` with custom props 1`] = `
<div
  class="c-mixed-field"
>
  <c-input-type-field-stub
    class="c-mixed-field__selector"
    disabled="true"
    flat="true"
    label="Custom label"
    name="customName"
    types="[object Object],[object Object],[object Object]"
    value="int"
  />
  <c-mixed-input-field-stub
    class="ml-2 c-mixed-field__value"
    disabled="true"
    flat="true"
    hide-details="true"
    input-type="int"
    item-text="text2"
    item-value="value2"
    items="[object Object]"
    name="customName"
    types="[object Object],[object Object],[object Object]"
    value="123"
  />
</div>
`;

exports[`c-mixed-field Renders \`c-mixed-field\` with default props 1`] = `
<div
  class="c-mixed-field"
>
  <c-input-type-field-stub
    class="c-mixed-field__selector"
    name="value"
    types="[object Object],[object Object],[object Object],[object Object],[object Object]"
    value="string"
  />
  <c-mixed-input-field-stub
    class="ml-2 c-mixed-field__value"
    input-type="string"
    item-text="text"
    item-value="value"
    items=""
    name="value"
    types="[object Object],[object Object],[object Object],[object Object],[object Object]"
    value=""
  />
</div>
`;
