// Jest Snapshot v1, https://goo.gl/fbAQLP

exports[`category-links Renders \`category-links\` with custom props 1`] = `
<div
  class="v-list__tile__content"
>
  <div
    class="v-list__tile__title px-2 font-weight-bold category"
  >
    Custom label
  </div>
  <div
    class="category-list-tile py-1"
    role="listitem"
  >
    <div
      class="v-list__tile theme--light"
    >
      <a
        href="https://custom-link.link/1"
        target="_blank"
      >
        Custom link
      </a>
    </div>
  </div>
  <div
    class="category-list-tile py-1"
    role="listitem"
  >
    <div
      class="v-list__tile theme--light"
    >
      <a
        href="https://custom-link.link/2"
        target="_blank"
      >
        Custom link 2
      </a>
    </div>
  </div>
</div>
`;

exports[`category-links Renders \`category-links\` with default props 1`] = `
<div
  class="v-list__tile__content"
>
  <div
    class="v-list__tile__title px-2 font-weight-bold category"
    style="display: none;"
  >
    
  </div>
</div>
`;
