// Jest Snapshot v1, https://goo.gl/fbAQLP

exports[`c-empty-data-table-columns Renders \`c-empty-data-table-columns\` correctly 1`] = `
<div
  class="v-table__overflow"
>
  <table
    class="v-datatable v-table theme--light"
  >
    <tbody>
      <tr>
        <td
          class="text-xs-center"
        >
          You have to select at least 1 column
        </td>
      </tr>
    </tbody>
  </table>
</div>
`;
